../Core/Src/main.c:71:6:HAL_CAN_RxFifo1MsgPendingCallback	24	static,ignoring_inline_asm
../Core/Src/main.c:86:5:main	72	static
../Core/Src/main.c:183:6:SystemClock_Config	72	static
../Core/Src/main.c:223:13:MX_CAN_Init	8	static
../Core/Src/main.c:260:13:MX_GPIO_Init	40	static
../Core/Src/main.c:296:6:CAN_Receive_Task	24	static
../Core/Src/main.c:313:6:Task_Relay2_Control	24	static
../Core/Src/main.c:335:6:HAL_TIM_PeriodElapsedCallback	16	static
../Core/Src/main.c:352:6:Error_Handler	4	static,ignoring_inline_asm
