../Core/Src/main.c:78:5:main	104	static
../Core/Src/main.c:164:6:SystemClock_Config	72	static
../Core/Src/main.c:204:13:MX_CAN_Init	8	static
../Core/Src/main.c:241:13:MX_USART1_UART_Init	8	static
../Core/Src/main.c:274:13:MX_GPIO_Init	40	static
../Core/Src/main.c:310:6:Task_UART_Receive	24	static
../Core/Src/main.c:329:6:Task_CAN_Send	56	static
../Core/Src/main.c:367:6:Task_Relay1_Control	24	static
../Core/Src/main.c:392:6:HAL_TIM_PeriodElapsedCallback	16	static
../Core/Src/main.c:409:6:Error_Handler	4	static,ignoring_inline_asm
